> Task :app:checkKotlinGradlePluginConfigurationErrors SKIPPED
> Task :app:preBuild UP-TO-DATE
> Task :app:preDebugBuild UP-TO-DATE
> Task :app:generateDebugBuildConfig UP-TO-DATE
> Task :app:checkDebugAarMetadata UP-TO-DATE
> Task :app:generateDebugResValues UP-TO-DATE
> Task :app:processDebugGoogleServices UP-TO-DATE
> Task :app:mapDebugSourceSetPaths UP-TO-DATE
> Task :app:generateDebugResources UP-TO-DATE
> Task :app:mergeDebugResources UP-TO-DATE
> Task :app:packageDebugResources UP-TO-DATE
> Task :app:parseDebugLocalResources UP-TO-DATE
> Task :app:createDebugCompatibleScreenManifests UP-TO-DATE
> Task :app:extractDeepLinksDebug UP-TO-DATE
> Task :app:processDebugMainManifest UP-TO-DATE
> Task :app:processDebugManifest UP-TO-DATE
> Task :app:processDebugManifestForPackage UP-TO-DATE
> Task :app:processDebugResources UP-TO-DATE

> Task :app:compileDebugKotlin FAILED
./gradlew : e: file:///C:/Users/Dejan/
Projekti/MysticTarot/app/src/main/java
/com/mystic/tarot/feature/shop/ShopScr
een.kt:151:56 Unresolved reference 'al
pha'.
At line:1 char:1
+ ./gradlew :app:compileDebugKotlin --
console=plain > build_errors.txt  ...
+ ~~~~~~~~~~~~~~~~~~~~~~~~~~~~~~~~~~~~
~~~~~~~~~~~~~~~~~~~~~~~~~~~~~~~~~
    + CategoryInfo          : NotSpec 
   ified: (e: file:///C:/U...erence   
  'alpha'.:String) [], RemoteExcept   
 ion
    + FullyQualifiedErrorId : NativeC 
   ommandError
 
e: file:///C:/Users/Dejan/Projekti/Mys
ticTarot/app/src/main/java/com/mystic/
tarot/feature/shop/ShopScreen.kt:163:5
6 Unresolved reference 'alpha'.

FAILURE: Build failed with an exceptio
n.

* What went wrong:
Execution failed for task ':app:compil
eDebugKotlin'.
> A failure occurred while executing o
rg.jetbrains.kotlin.compilerRunner.Gra
dleCompilerRunnerWithWorkers$GradleKot
linCompilerWorkAction
   > Compilation error. See log for mo
re details

* Try:
> Run with --stacktrace option to get 
the stack trace.
> Run with --info or --debug option to
 get more log output.
> Run with --scan to get full insights
.
> Get more help at https://help.gradle
.org.

BUILD FAILED in 1s
16 actionable tasks: 1 executed, 15 up-to-date
